Registry index updated successfully
Symbols updated successfully
Warning: `moon install` without arguments is deprecated and will be removed in a future version. Use `moon install <package>` to install binaries globally, or use `moon build` to build your project.
Dependency source/version evidence verified.
{"pinned_fixture_files": 5, "status": "Pass"}
Finished. moon: no work to do
Finished. moon: ran 22 tasks, now up to date
Finished. moon: ran 14 tasks, now up to date
main.internal_test.c
sdk.internal_test.c
partsieve.blackbox_test.c
partsieve.internal_test.c
sdk.blackbox_test.c
main.blackbox_test.c
partsieve.whitebox_test.c
Total tests: 25, passed: 25, failed: 0.
fs_native.c
sdk.c
main.c
Finished. moon: ran 16 tasks, now up to date
{"fixture_count": 48, "integration_assertions": 17, "status": "Pass"}
{"graph_assertions": 11, "status": "Pass"}
{"coverage_assertions": 17, "status": "Pass"}
{"input_format":"XLSM","findings":1,"operations":5,"output_format":"XLSX","preservation":"Pass","output_hash":"fcc9a0ca93810d894df21c71d5764db7252afd3b1232b5aef55c21f3efcc9e53"}
