Registry index updated successfully
Symbols updated successfully
Warning: `moon install` without arguments is deprecated and will be removed in a future version. Use `moon install <package>` to install binaries globally, or use `moon build` to build your project.
Dependency source/version evidence verified.
{"pinned_fixture_files": 5, "status": "Pass"}
{"pinned_poi_fixture_files": 5, "status": "Pass"}
Finished. moon: no work to do
Finished. moon: ran 23 tasks, now up to date
Finished. moon: ran 16 tasks, now up to date
partsieve.internal_test.c
sdk.internal_test.c
partsieve.blackbox_test.c
main.internal_test.c
sdk.blackbox_test.c
  正在创建库 E:\moonbit10\partsieve\_build\native\debug\test\examples\sdk\sdk.blackbox_test.lib 和对象 E:\moonbit10\partsieve\_build\native\debug\test\examples\sdk\sdk.blackbox_test.exp
main.blackbox_test.c
  正在创建库 E:\moonbit10\partsieve\_build\native\debug\test\cmd\main\main.blackbox_test.lib 和对象 E:\moonbit10\partsieve\_build\native\debug\test\cmd\main\main.blackbox_test.exp
partsieve.whitebox_test.c
  正在创建库 E:\moonbit10\partsieve\_build\native\debug\test\partsieve.whitebox_test.lib 和对象 E:\moonbit10\partsieve\_build\native\debug\test\partsieve.whitebox_test.exp
Total tests: 25, passed: 25, failed: 0.
Finished. moon: no work to do
{"fixture_count": 48, "integration_assertions": 17, "status": "Pass"}
{"graph_assertions": 11, "status": "Pass"}
{"coverage_assertions": 17, "status": "Pass"}
{"word_assertions": 29, "status": "Pass"}
{"input_format":"XLSM","findings":1,"operations":5,"output_format":"XLSX","preservation":"Pass","output_hash":"fcc9a0ca93810d894df21c71d5764db7252afd3b1232b5aef55c21f3efcc9e53"}
